// Jest Snapshot v1, https://goo.gl/fbAQLP

exports[`SessionTimesContainer should render the template with the values expected 1`] = `
<test-host-component>
  <session-times>
    <session-times-breadcrumbs>
      <ol
        class="govuk-!-margin-top-2 govuk-!-margin-bottom-2 govuk-breadcrumbs govuk-breadcrumbs__list"
        pdk-breadcrumb-list=""
        pdk-margin-bottom="2"
        pdk-margin-top="2"
      >
        <li
          class="govuk-breadcrumbs__list-item"
          pdk-breadcrumb-list-item=""
        >
          <a
            href="http://test"
          >
            HEADER.HOME
          </a>
        </li>
        <li
          class="govuk-breadcrumbs__list-item"
          pdk-breadcrumb-list-item=""
        >
           SESSION_TIMES.TITLE 
        </li>
      </ol>
    </session-times-breadcrumbs>
    <h1
      class="record-court-room-title govuk-heading-l"
      pdk-typography="heading-large"
    >
       SESSION_TIMES.TITLE 
    </h1>
    <session-times-court-filter>
      <div
        class="pdk-!-fill-color-light-grey govuk-!-padding-top-4"
        pdk-fill-colour="light-grey"
        pdk-padding-top="4"
      >
        <pdk-grid
          class="govuk-grid-row"
          container=""
        >
          <form
            class="session-times-court-filter-form govuk-!-margin-top-1 ng-untouched ng-pristine ng-valid"
            novalidate=""
            pdk-form=""
            pdk-margin-top="1"
          >
            <pdk-grid
              class="govuk-grid-column-full"
              full=""
            >
              <pdk-grid
                class="govuk-grid-column-one-third"
                one-third=""
              >
                <pdk-form-field
                  class="bold session-times-courtHouse-field"
                  labeltype="small"
                >
                  <pdk-form-group
                    class="pdk-form-group"
                  >
                    <label
                      class="govuk-label govuk-label--s"
                      for="pdk-form-control-undefined-GENERATED_ID"
                    >
                       SESSION_TIMES.COURT_HOUSE 
                    </label>
                    <pdk-hint
                      class="govuk-hint"
                    >
                      <div>
                         SESSION_TIMES.COURT_HOUSE_HINT 
                      </div>
                    </pdk-hint>
                    <cpp-organisation-unit-autosuggest
                      class="ng-untouched ng-pristine ng-valid"
                      data-role="court-centre-filter"
                      name="organisationUnit"
                      ngmodel=""
                      required=""
                    >
                      <pdk-autosuggest-lite>
                        <pdk-autosuggest
                          highlightcolor="blue"
                        >
                          <pdk-interaction-container>
                            <div>
                              <div
                                class="pdk-autosuggest"
                              >
                                <input
                                  aria-autocomplete="list"
                                  aria-controls="pdk-autosuggest__suggestions-container-GENERATED_ID-listbox"
                                  aria-describedby="pdk-autosuggest__instructions-GENERATED_ID"
                                  aria-expanded="false"
                                  autocomplete="off"
                                  class="pdk-autosuggest__input ng-untouched ng-pristine ng-valid govuk-input"
                                  id="pdk-form-control-undefined-GENERATED_ID"
                                  role="combobox"
                                  type="text"
                                />
                                <span
                                  class="govuk-visually-hidden"
                                  id="pdk-autosuggest__instructions-GENERATED_ID"
                                  pdk-visually-hidden=""
                                >
                                   When autocomplete results are available, use the up and down arrows to review and Enter to select. Touch device users, explore options with swipe gestures. 
                                </span>
                                <span
                                  aria-live="polite"
                                  class="govuk-visually-hidden"
                                  pdk-visually-hidden=""
                                  role="status"
                                >
                                </span>
                                <div
                                  class="pdk-autosuggest__suggestions-container"
                                  id="pdk-autosuggest__suggestions-container-GENERATED_ID"
                                >
                                </div>
                              </div>
                            </div>
                          </pdk-interaction-container>
                        </pdk-autosuggest>
                      </pdk-autosuggest-lite>
                    </cpp-organisation-unit-autosuggest>
                  </pdk-form-group>
                </pdk-form-field>
              </pdk-grid>
              <pdk-grid
                class="govuk-grid-column-one-third"
                one-third=""
              >
                <pdk-form-field
                  labeltype="small"
                >
                  <pdk-form-group
                    class="pdk-form-group"
                  >
                    <label
                      class="govuk-label govuk-label--s"
                      for="courtRoomId"
                    >
                       SESSION_TIMES.COURT_ROOM 
                    </label>
                    <pdk-hint
                      class="govuk-hint"
                    >
                      <div>
                         SESSION_TIMES.COURT_ROOM_HINT 
                      </div>
                    </pdk-hint>
                    <pdk-select
                      class="ng-untouched ng-pristine ng-valid"
                      data-role="court-room-filter"
                      justified=""
                      required=""
                    >
                      <select
                        class="govuk-select pdk-select--justified"
                        id="courtRoomId"
                        name="courtRoomId"
                        required=""
                      >
                        <option
                          value=""
                        >
                           Select a courtroom 
                        </option>
                      </select>
                    </pdk-select>
                  </pdk-form-group>
                </pdk-form-field>
              </pdk-grid>
              <pdk-grid
                class="govuk-grid-column-one-third"
                one-third=""
              >
                <pdk-form-field
                  id="sessionDate"
                  labeltype="small"
                >
                  <pdk-form-group
                    class="pdk-form-group"
                  >
                    <fieldset
                      class="govuk-fieldset"
                      pdk-fieldset=""
                    >
                      <legend
                        class="govuk-fieldset__legend govuk-fieldset__legend--s"
                      >
                         SESSION_TIMES.SESSION_DATE 
                      </legend>
                      <pdk-date-input
                        class="ng-untouched ng-pristine ng-valid"
                        data-role="session-date-filter"
                        name="sessionDateFilter"
                        picker=""
                        required=""
                        sessiondatevalidator=""
                      >
                        <pdk-interaction-container>
                          <div>
                            <div
                              class="pdk-date-input"
                            >
                              <div
                                class="govuk-date-input ng-untouched ng-pristine ng-invalid"
                              >
                                <div
                                  class="govuk-date-input__item"
                                >
                                  <label
                                    class="govuk-date-input__label govuk-label"
                                    for="sessionDateFilter-day"
                                    pdk-label=""
                                  >
                                     Day 
                                  </label>
                                  <input
                                    aria-describedby="date"
                                    autocomplete="off"
                                    class="govuk-date-input__input ng-untouched ng-pristine ng-invalid govuk-input govuk-input--width-2"
                                    formcontrolname="day"
                                    id="sessionDateFilter-day"
                                    name="dateDay"
                                    required=""
                                    type="number"
                                  />
                                </div>
                                <div
                                  class="govuk-date-input__item"
                                >
                                  <label
                                    class="govuk-date-input__label govuk-label"
                                    for="sessionDateFilter-month"
                                    pdk-label=""
                                  >
                                     Month 
                                  </label>
                                  <input
                                    autocomplete="off"
                                    class="govuk-date-input__input ng-untouched ng-pristine ng-invalid govuk-input govuk-input--width-2"
                                    formcontrolname="month"
                                    id="sessionDateFilter-month"
                                    name="dateMonth"
                                    required=""
                                    type="number"
                                  />
                                </div>
                                <div
                                  class="govuk-date-input__item"
                                >
                                  <label
                                    class="govuk-date-input__label govuk-label"
                                    for="sessionDateFilter-year"
                                    pdk-label=""
                                  >
                                     Year 
                                  </label>
                                  <input
                                    autocomplete="off"
                                    class="govuk-date-input__input ng-untouched ng-pristine ng-invalid govuk-input govuk-input--width-4"
                                    formcontrolname="year"
                                    id="sessionDateFilter-year"
                                    name="dateYear"
                                    required=""
                                    type="number"
                                  />
                                </div>
                              </div>
                              <div
                                class="pdk-!-negative-margin-left-2"
                                pdk-margin-left="-2"
                              >
                                <pdk-date-picker-toggle>
                                  <pdk-interaction-container>
                                    <div>
                                      <div
                                        aria-expanded="false"
                                        aria-label="Toggle date picker"
                                        class="pdk-date-picker__toggle"
                                        role="button"
                                        tabindex="0"
                                      >
                                        <pdk-date-picker-icon
                                          style="margin-top: -4px; display: inline-block; vertical-align: middle;"
                                        >
                                          <div
                                            style="display: flex; align-items: center; justify-content: center;"
                                          >
                                            <i
                                              style="height: 28px; width: 28px; fill: #333;"
                                            >
                                              <svg
                                                viewBox="0 0 448 512"
                                                xmlns="http://www.w3.org/2000/svg"
                                              >
                                                <path
                                                  d="M148 288h-40c-6.6 0-12-5.4-12-12v-40c0-6.6 5.4-12 12-12h40c6.6 0 12 5.4 12 12v40c0 6.6-5.4 12-12 12zm108-12v-40c0-6.6-5.4-12-12-12h-40c-6.6 0-12 5.4-12 12v40c0 6.6 5.4 12 12 12h40c6.6 0 12-5.4 12-12zm96 0v-40c0-6.6-5.4-12-12-12h-40c-6.6 0-12 5.4-12 12v40c0 6.6 5.4 12 12 12h40c6.6 0 12-5.4 12-12zm-96 96v-40c0-6.6-5.4-12-12-12h-40c-6.6 0-12 5.4-12 12v40c0 6.6 5.4 12 12 12h40c6.6 0 12-5.4 12-12zm-96 0v-40c0-6.6-5.4-12-12-12h-40c-6.6 0-12 5.4-12 12v40c0 6.6 5.4 12 12 12h40c6.6 0 12-5.4 12-12zm192 0v-40c0-6.6-5.4-12-12-12h-40c-6.6 0-12 5.4-12 12v40c0 6.6 5.4 12 12 12h40c6.6 0 12-5.4 12-12zm96-260v352c0 26.5-21.5 48-48 48H48c-26.5 0-48-21.5-48-48V112c0-26.5 21.5-48 48-48h48V12c0-6.6 5.4-12 12-12h40c6.6 0 12 5.4 12 12v52h128V12c0-6.6 5.4-12 12-12h40c6.6 0 12 5.4 12 12v52h48c26.5 0 48 21.5 48 48zm-48 346V160H48v298c0 3.3 2.7 6 6 6h340c3.3 0 6-2.7 6-6z"
                                                />
                                              </svg>
                                            </i>
                                          </div>
                                        </pdk-date-picker-icon>
                                      </div>
                                    </div>
                                  </pdk-interaction-container>
                                </pdk-date-picker-toggle>
                              </div>
                            </div>
                          </div>
                        </pdk-interaction-container>
                      </pdk-date-input>
                    </fieldset>
                  </pdk-form-group>
                </pdk-form-field>
              </pdk-grid>
            </pdk-grid>
            <pdk-grid
              class="govuk-grid-column-full"
              full=""
            >
              <pdk-grid
                class="govuk-grid-column-one-third"
                one-third=""
              >
                <button
                  class="govuk-button"
                  data-role="apply-filters-btn"
                  pdk-button=""
                  type="submit"
                >
                   SESSION_TIMES.APPLY_FILTERS 
                </button>
              </pdk-grid>
            </pdk-grid>
          </form>
        </pdk-grid>
      </div>
    </session-times-court-filter>
    <session-times-judiciary-form>
      <form
        class="govuk-!-margin-top-1 ng-untouched ng-pristine ng-valid"
        data-role="record-session-times-form"
        novalidate=""
        pdk-form=""
        pdk-margin-top="1"
      >
        <pdk-grid
          class="govuk-grid-row"
          container=""
        >
          <judiciary-search-filter-summary>
            <pdk-grid
              class="govuk-grid-column-full"
              full=""
            >
              <div
                class="pdk-!-fill-color-light-grey govuk-!-padding-4 govuk-!-margin-top-3"
                pdk-fill-colour="light-grey"
                pdk-margin-top="3"
                pdk-padding="4"
              >
              </div>
              <pdk-divider
                class="govuk-!-margin-0"
                pdk-margin="0"
              >
                <hr
                  class="pdk-divider"
                />
              </pdk-divider>
              <div
                class="govuk-!-padding-left-4 pdk-focusable"
                pdk-border=""
                pdk-focusable=""
                pdk-padding-left="4"
                role="status"
                tabindex="0"
              >
                <h3>
                   - 
                </h3>
              </div>
              <pdk-divider
                class="govuk-!-margin-0"
                pdk-margin="0"
              >
                <hr
                  class="pdk-divider"
                />
              </pdk-divider>
            </pdk-grid>
          </judiciary-search-filter-summary>
          <judiciary-form
            data-role="judiciary-form-am"
            data-test-id="morningSession"
          >
            <pdk-form-group
              class="pdk-form-group"
            >
              <pdk-grid
                class="govuk-grid-column-full"
                full=""
              >
                <pdk-grid
                  class="govuk-grid-column-full"
                  full=""
                >
                  <h3>
                    AM
                  </h3>
                </pdk-grid>
                <pdk-grid
                  class="flex-column-one govuk-grid-column-one-quarter"
                  one-quarter=""
                >
                  <pdk-form-field
                    labeltype="small"
                  >
                    <pdk-form-group
                      class="pdk-form-group"
                    >
                      <label
                        class="govuk-label govuk-label--s"
                        for="pdk-form-control-undefined-GENERATED_ID"
                      >
                         SESSION_TIMES.JUDICIARY 
                      </label>
                      <judiciary-typeahead
                        class="ng-untouched ng-pristine ng-valid"
                        data-role="judiciary-typeahead-0"
                        name="judge1"
                      >
                        <div
                          class="judiciary-typeahead"
                        >
                          <pdk-autosuggest-lite
                            suggestionkey="id"
                            suggestionsubtitle="judicialMemberLocation"
                          >
                            <pdk-autosuggest
                              highlightcolor="blue"
                            >
                              <pdk-interaction-container>
                                <div>
                                  <div
                                    class="pdk-autosuggest"
                                  >
                                    <input
                                      aria-autocomplete="list"
                                      aria-controls="pdk-autosuggest__suggestions-container-GENERATED_ID-listbox"
                                      aria-describedby="pdk-autosuggest__instructions-GENERATED_ID judge-label"
                                      aria-expanded="false"
                                      aria-label="Judge name"
                                      autocomplete="off"
                                      class="pdk-autosuggest__input ng-untouched ng-pristine ng-valid govuk-input"
                                      role="combobox"
                                      type="text"
                                    />
                                    <span
                                      class="govuk-visually-hidden"
                                      id="pdk-autosuggest__instructions-GENERATED_ID"
                                      pdk-visually-hidden=""
                                    >
                                       When autocomplete results are available, use the up and down arrows to review and Enter to select. Touch device users, explore options with swipe gestures. 
                                    </span>
                                    <span
                                      aria-live="polite"
                                      class="govuk-visually-hidden"
                                      pdk-visually-hidden=""
                                      role="status"
                                    >
                                    </span>
                                    <div
                                      class="pdk-autosuggest__suggestions-container"
                                      id="pdk-autosuggest__suggestions-container-GENERATED_ID"
                                    >
                                    </div>
                                  </div>
                                </div>
                              </pdk-interaction-container>
                            </pdk-autosuggest>
                          </pdk-autosuggest-lite>
                        </div>
                      </judiciary-typeahead>
                    </pdk-form-group>
                  </pdk-form-field>
                  <pdk-form-field
                    label="Judiciary 2"
                    labeltype="none"
                  >
                    <pdk-form-group
                      class="pdk-form-group"
                    >
                      <label
                        class="govuk-visually-hidden govuk-label"
                        for="pdk-form-control-undefined-GENERATED_ID"
                      >
                         Judiciary 2 
                      </label>
                      <judiciary-typeahead
                        class="ng-untouched ng-pristine ng-valid"
                        data-role="judiciary-typeahead-1"
                        name="judge2"
                      >
                        <div
                          class="judiciary-typeahead"
                        >
                          <pdk-autosuggest-lite
                            suggestionkey="id"
                            suggestionsubtitle="judicialMemberLocation"
                          >
                            <pdk-autosuggest
                              highlightcolor="blue"
                            >
                              <pdk-interaction-container>
                                <div>
                                  <div
                                    class="pdk-autosuggest"
                                  >
                                    <input
                                      aria-autocomplete="list"
                                      aria-controls="pdk-autosuggest__suggestions-container-GENERATED_ID-listbox"
                                      aria-describedby="pdk-autosuggest__instructions-GENERATED_ID judge-label"
                                      aria-expanded="false"
                                      aria-label="Judge name"
                                      autocomplete="off"
                                      class="pdk-autosuggest__input ng-untouched ng-pristine ng-valid govuk-input"
                                      role="combobox"
                                      type="text"
                                    />
                                    <span
                                      class="govuk-visually-hidden"
                                      id="pdk-autosuggest__instructions-GENERATED_ID"
                                      pdk-visually-hidden=""
                                    >
                                       When autocomplete results are available, use the up and down arrows to review and Enter to select. Touch device users, explore options with swipe gestures. 
                                    </span>
                                    <span
                                      aria-live="polite"
                                      class="govuk-visually-hidden"
                                      pdk-visually-hidden=""
                                      role="status"
                                    >
                                    </span>
                                    <div
                                      class="pdk-autosuggest__suggestions-container"
                                      id="pdk-autosuggest__suggestions-container-GENERATED_ID"
                                    >
                                    </div>
                                  </div>
                                </div>
                              </pdk-interaction-container>
                            </pdk-autosuggest>
                          </pdk-autosuggest-lite>
                        </div>
                      </judiciary-typeahead>
                    </pdk-form-group>
                  </pdk-form-field>
                  <pdk-form-field
                    label="Judiciary 3"
                    labeltype="none"
                  >
                    <pdk-form-group
                      class="pdk-form-group"
                    >
                      <label
                        class="govuk-visually-hidden govuk-label"
                        for="pdk-form-control-undefined-GENERATED_ID"
                      >
                         Judiciary 3 
                      </label>
                      <judiciary-typeahead
                        class="ng-untouched ng-pristine ng-valid"
                        data-role="judiciary-typeahead-2"
                        name="judge3"
                      >
                        <div
                          class="judiciary-typeahead"
                        >
                          <pdk-autosuggest-lite
                            suggestionkey="id"
                            suggestionsubtitle="judicialMemberLocation"
                          >
                            <pdk-autosuggest
                              highlightcolor="blue"
                            >
                              <pdk-interaction-container>
                                <div>
                                  <div
                                    class="pdk-autosuggest"
                                  >
                                    <input
                                      aria-autocomplete="list"
                                      aria-controls="pdk-autosuggest__suggestions-container-GENERATED_ID-listbox"
                                      aria-describedby="pdk-autosuggest__instructions-GENERATED_ID judge-label"
                                      aria-expanded="false"
                                      aria-label="Judge name"
                                      autocomplete="off"
                                      class="pdk-autosuggest__input ng-untouched ng-pristine ng-valid govuk-input"
                                      role="combobox"
                                      type="text"
                                    />
                                    <span
                                      class="govuk-visually-hidden"
                                      id="pdk-autosuggest__instructions-GENERATED_ID"
                                      pdk-visually-hidden=""
                                    >
                                       When autocomplete results are available, use the up and down arrows to review and Enter to select. Touch device users, explore options with swipe gestures. 
                                    </span>
                                    <span
                                      aria-live="polite"
                                      class="govuk-visually-hidden"
                                      pdk-visually-hidden=""
                                      role="status"
                                    >
                                    </span>
                                    <div
                                      class="pdk-autosuggest__suggestions-container"
                                      id="pdk-autosuggest__suggestions-container-GENERATED_ID"
                                    >
                                    </div>
                                  </div>
                                </div>
                              </pdk-interaction-container>
                            </pdk-autosuggest>
                          </pdk-autosuggest-lite>
                        </div>
                      </judiciary-typeahead>
                    </pdk-form-group>
                  </pdk-form-field>
                  <pdk-form-group
                    class="pdk-form-group"
                    ngmodelgroup="otherJudiciaries"
                  >
                    <p
                      class="mt-m"
                    >
                      <a
                        data-role="add-new-judiciary-link"
                        href="javascript:void(0)"
                      >
                        <span>
                          SESSION_TIMES.ADD_ANOTHER_LINK
                        </span>
                        <span
                          class="govuk-visually-hidden"
                          pdk-visually-hidden=""
                        >
                           AM 
                        </span>
                        <span
                          class="govuk-visually-hidden"
                          pdk-visually-hidden=""
                        >
                          SESSION_TIMES.JUDICIARY_PERSON
                        </span>
                      </a>
                    </p>
                  </pdk-form-group>
                </pdk-grid>
                <pdk-grid
                  class="flex-column-two govuk-grid-column-one-quarter"
                  one-quarter=""
                >
                  <pdk-form-field
                    labeltype="small"
                  >
                    <pdk-form-group
                      class="pdk-form-group"
                    >
                      <fieldset
                        class="govuk-fieldset"
                        pdk-fieldset=""
                      >
                        <legend
                          class="govuk-fieldset__legend govuk-fieldset__legend--s"
                        >
                           SESSION_TIMES.CHAIRPERSON 
                        </legend>
                        <pdk-radio-group
                          class="chairman-radio-group ng-untouched ng-pristine ng-valid"
                          data-role="chairman-radio-group"
                          name="chairman"
                        >
                          <div
                            class="govuk-radios"
                          >
                            <pdk-radio-button
                              class="chairman-radio-button"
                              data-role="chairman-radio-btn-0"
                            >
                              <div
                                class="govuk-radios__item"
                              >
                                <input
                                  class="govuk-radios__input"
                                  disabled=""
                                  id="pdk-radio-GENERATED_ID"
                                  name="pdk-radio-group-GENERATED_ID"
                                  type="radio"
                                  value="0"
                                />
                                <label
                                  class="govuk-radios__label govuk-label"
                                  for="pdk-radio-GENERATED_ID"
                                  pdk-label=""
                                >
                                  <span
                                    class="govuk-visually-hidden"
                                    pdk-visually-hidden=""
                                  >
                                    Judiciary 1
                                  </span>
                                </label>
                              </div>
                            </pdk-radio-button>
                            <pdk-radio-button
                              class="chairman-radio-button"
                              data-role="chairman-radio-btn-1"
                            >
                              <div
                                class="govuk-radios__item"
                              >
                                <input
                                  class="govuk-radios__input"
                                  disabled=""
                                  id="pdk-radio-GENERATED_ID"
                                  name="pdk-radio-group-GENERATED_ID"
                                  type="radio"
                                  value="1"
                                />
                                <label
                                  class="govuk-radios__label govuk-label"
                                  for="pdk-radio-GENERATED_ID"
                                  pdk-label=""
                                >
                                  <span
                                    class="govuk-visually-hidden"
                                    pdk-visually-hidden=""
                                  >
                                    Judiciary 2
                                  </span>
                                </label>
                              </div>
                            </pdk-radio-button>
                            <pdk-radio-button
                              class="chairman-radio-button"
                              data-role="chairman-radio-btn-2"
                            >
                              <div
                                class="govuk-radios__item"
                              >
                                <input
                                  class="govuk-radios__input"
                                  disabled=""
                                  id="pdk-radio-GENERATED_ID"
                                  name="pdk-radio-group-GENERATED_ID"
                                  type="radio"
                                  value="2"
                                />
                                <label
                                  class="govuk-radios__label govuk-label"
                                  for="pdk-radio-GENERATED_ID"
                                  pdk-label=""
                                >
                                  <span
                                    class="govuk-visually-hidden"
                                    pdk-visually-hidden=""
                                  >
                                    Judiciary 3
                                  </span>
                                </label>
                              </div>
                            </pdk-radio-button>
                          </div>
                        </pdk-radio-group>
                      </fieldset>
                    </pdk-form-group>
                  </pdk-form-field>
                </pdk-grid>
                <pdk-grid
                  class="flex-column-three govuk-grid-column-one-quarter"
                  one-quarter=""
                >
                  <div
                    class="start-end-time"
                  >
                    <pdk-form-field
                      labeltype="small"
                    >
                      <pdk-form-group
                        class="pdk-form-group"
                      >
                        <fieldset
                          class="govuk-fieldset"
                          pdk-fieldset=""
                        >
                          <legend
                            class="govuk-fieldset__legend govuk-fieldset__legend--s"
                          >
                             SESSION_TIMES.START_TIME 
                          </legend>
                          <pdk-hint
                            class="govuk-hint"
                          >
                            <div>
                               SESSION_TIMES.START_TIME_HINT 
                            </div>
                          </pdk-hint>
                          <pdk-time-input
                            auto-shift="true"
                            class="ng-untouched ng-pristine ng-valid"
                            labelhidden="false"
                            name="startTime"
                          >
                            <div
                              class="pdk-time-input ng-untouched ng-pristine ng-valid"
                            >
                              <div
                                class="pdk-time-input__item pdk-time-input__item--hour"
                              >
                                <label
                                  class="govuk-label"
                                  for="pdk-time-input-GENERATED_ID-hours"
                                  pdk-label=""
                                >
                                   Hours 
                                </label>
                                <input
                                  autocomplete="off"
                                  class="ng-untouched ng-pristine ng-valid govuk-input govuk-input--width-2"
                                  formcontrolname="hours"
                                  id="pdk-time-input-GENERATED_ID-hours"
                                  maxlength="2"
                                  name="timeHours"
                                  pattern="[0-9]*"
                                  type="text"
                                />
                              </div>
                              <div
                                class="pdk-time-input__item"
                              >
                                <label
                                  class="govuk-label"
                                  for="pdk-time-input-GENERATED_ID-minutes"
                                  pdk-label=""
                                >
                                   Minutes 
                                </label>
                                <input
                                  autocomplete="off"
                                  class="ng-untouched ng-pristine ng-valid govuk-input govuk-input--width-2"
                                  formcontrolname="minutes"
                                  id="pdk-time-input-GENERATED_ID-minutes"
                                  maxlength="2"
                                  minlength="2"
                                  name="timeMinutes"
                                  pattern="[0-9]*"
                                  type="text"
                                />
                              </div>
                            </div>
                          </pdk-time-input>
                        </fieldset>
                      </pdk-form-group>
                    </pdk-form-field>
                  </div>
                </pdk-grid>
                <pdk-grid
                  class="flex-column-four govuk-grid-column-one-quarter"
                  one-quarter=""
                >
                  <pdk-form-field
                    labeltype="small"
                  >
                    <pdk-form-group
                      class="pdk-form-group"
                    >
                      <fieldset
                        class="govuk-fieldset"
                        pdk-fieldset=""
                      >
                        <legend
                          class="govuk-fieldset__legend govuk-fieldset__legend--s"
                        >
                           SESSION_TIMES.END_TIME 
                        </legend>
                        <pdk-hint
                          class="govuk-hint"
                        >
                          <div>
                             SESSION_TIMES.END_TIME_HINT 
                          </div>
                        </pdk-hint>
                        <pdk-time-input
                          auto-shift="true"
                          class="ng-untouched ng-pristine ng-valid"
                          labelhidden="false"
                          name="endTime"
                        >
                          <div
                            class="pdk-time-input ng-untouched ng-pristine ng-valid"
                          >
                            <div
                              class="pdk-time-input__item pdk-time-input__item--hour"
                            >
                              <label
                                class="govuk-label"
                                for="pdk-time-input-GENERATED_ID-hours"
                                pdk-label=""
                              >
                                 Hours 
                              </label>
                              <input
                                autocomplete="off"
                                class="ng-untouched ng-pristine ng-valid govuk-input govuk-input--width-2"
                                formcontrolname="hours"
                                id="pdk-time-input-GENERATED_ID-hours"
                                maxlength="2"
                                name="timeHours"
                                pattern="[0-9]*"
                                type="text"
                              />
                            </div>
                            <div
                              class="pdk-time-input__item"
                            >
                              <label
                                class="govuk-label"
                                for="pdk-time-input-GENERATED_ID-minutes"
                                pdk-label=""
                              >
                                 Minutes 
                              </label>
                              <input
                                autocomplete="off"
                                class="ng-untouched ng-pristine ng-valid govuk-input govuk-input--width-2"
                                formcontrolname="minutes"
                                id="pdk-time-input-GENERATED_ID-minutes"
                                maxlength="2"
                                minlength="2"
                                name="timeMinutes"
                                pattern="[0-9]*"
                                type="text"
                              />
                            </div>
                          </div>
                        </pdk-time-input>
                      </fieldset>
                    </pdk-form-group>
                  </pdk-form-field>
                </pdk-grid>
              </pdk-grid>
              <pdk-grid
                class="govuk-grid-column-full"
                full=""
              >
                <pdk-grid
                  class="govuk-grid-column-one-quarter"
                  one-quarter=""
                >
                  <pdk-form-field
                    labeltype="small"
                  >
                    <pdk-form-group
                      class="pdk-form-group"
                    >
                      <label
                        class="govuk-label govuk-label--s"
                        for="pdk-form-control-undefined-GENERATED_ID"
                      >
                         SESSION_TIMES.COURT_CLERK 
                      </label>
                      <pdk-autosuggest-lite
                        class="ng-untouched ng-pristine ng-valid"
                        data-role="record-court-clerk"
                        name="courtClerk"
                        suggestionkey="id"
                        suggestiontitle="label"
                      >
                        <pdk-autosuggest
                          highlightcolor="blue"
                        >
                          <pdk-interaction-container>
                            <div>
                              <div
                                class="pdk-autosuggest"
                              >
                                <input
                                  aria-autocomplete="list"
                                  aria-controls="pdk-autosuggest__suggestions-container-GENERATED_ID-listbox"
                                  aria-describedby="pdk-autosuggest__instructions-GENERATED_ID"
                                  aria-expanded="false"
                                  autocomplete="off"
                                  class="pdk-autosuggest__input ng-untouched ng-pristine ng-valid govuk-input"
                                  id="pdk-form-control-undefined-GENERATED_ID"
                                  role="combobox"
                                  type="text"
                                />
                                <span
                                  class="govuk-visually-hidden"
                                  id="pdk-autosuggest__instructions-GENERATED_ID"
                                  pdk-visually-hidden=""
                                >
                                   When autocomplete results are available, use the up and down arrows to review and Enter to select. Touch device users, explore options with swipe gestures. 
                                </span>
                                <span
                                  aria-live="polite"
                                  class="govuk-visually-hidden"
                                  pdk-visually-hidden=""
                                  role="status"
                                >
                                </span>
                                <div
                                  class="pdk-autosuggest__suggestions-container"
                                  id="pdk-autosuggest__suggestions-container-GENERATED_ID"
                                >
                                </div>
                              </div>
                            </div>
                          </pdk-interaction-container>
                        </pdk-autosuggest>
                      </pdk-autosuggest-lite>
                    </pdk-form-group>
                  </pdk-form-field>
                  <pdk-form-field
                    labeltype="small"
                  >
                    <pdk-form-group
                      class="pdk-form-group"
                    >
                      <label
                        class="govuk-label govuk-label--s"
                        for="pdk-form-control-undefined-GENERATED_ID"
                      >
                         SESSION_TIMES.COURT_ASSOCIATE 
                      </label>
                      <pdk-autosuggest-lite
                        class="ng-untouched ng-pristine ng-valid"
                        data-role="record-court-associate"
                        name="courtAssociate"
                        suggestionkey="id"
                        suggestiontitle="label"
                      >
                        <pdk-autosuggest
                          highlightcolor="blue"
                        >
                          <pdk-interaction-container>
                            <div>
                              <div
                                class="pdk-autosuggest"
                              >
                                <input
                                  aria-autocomplete="list"
                                  aria-controls="pdk-autosuggest__suggestions-container-GENERATED_ID-listbox"
                                  aria-describedby="pdk-autosuggest__instructions-GENERATED_ID"
                                  aria-expanded="false"
                                  autocomplete="off"
                                  class="pdk-autosuggest__input ng-untouched ng-pristine ng-valid govuk-input"
                                  id="pdk-form-control-undefined-GENERATED_ID"
                                  role="combobox"
                                  type="text"
                                />
                                <span
                                  class="govuk-visually-hidden"
                                  id="pdk-autosuggest__instructions-GENERATED_ID"
                                  pdk-visually-hidden=""
                                >
                                   When autocomplete results are available, use the up and down arrows to review and Enter to select. Touch device users, explore options with swipe gestures. 
                                </span>
                                <span
                                  aria-live="polite"
                                  class="govuk-visually-hidden"
                                  pdk-visually-hidden=""
                                  role="status"
                                >
                                </span>
                                <div
                                  class="pdk-autosuggest__suggestions-container"
                                  id="pdk-autosuggest__suggestions-container-GENERATED_ID"
                                >
                                </div>
                              </div>
                            </div>
                          </pdk-interaction-container>
                        </pdk-autosuggest>
                      </pdk-autosuggest-lite>
                    </pdk-form-group>
                  </pdk-form-field>
                  <pdk-form-field
                    labeltype="small"
                  >
                    <pdk-form-group
                      class="pdk-form-group"
                    >
                      <label
                        class="govuk-label govuk-label--s"
                        for="pdk-form-control-undefined-GENERATED_ID"
                      >
                         SESSION_TIMES.LEGAL_ADVISOR 
                      </label>
                      <pdk-autosuggest-lite
                        class="ng-untouched ng-pristine ng-valid"
                        data-role="record-legal-advisor"
                        name="legalAdviser"
                        suggestionkey="id"
                        suggestiontitle="label"
                      >
                        <pdk-autosuggest
                          highlightcolor="blue"
                        >
                          <pdk-interaction-container>
                            <div>
                              <div
                                class="pdk-autosuggest"
                              >
                                <input
                                  aria-autocomplete="list"
                                  aria-controls="pdk-autosuggest__suggestions-container-GENERATED_ID-listbox"
                                  aria-describedby="pdk-autosuggest__instructions-GENERATED_ID"
                                  aria-expanded="false"
                                  autocomplete="off"
                                  class="pdk-autosuggest__input ng-untouched ng-pristine ng-valid govuk-input"
                                  id="pdk-form-control-undefined-GENERATED_ID"
                                  role="combobox"
                                  type="text"
                                />
                                <span
                                  class="govuk-visually-hidden"
                                  id="pdk-autosuggest__instructions-GENERATED_ID"
                                  pdk-visually-hidden=""
                                >
                                   When autocomplete results are available, use the up and down arrows to review and Enter to select. Touch device users, explore options with swipe gestures. 
                                </span>
                                <span
                                  aria-live="polite"
                                  class="govuk-visually-hidden"
                                  pdk-visually-hidden=""
                                  role="status"
                                >
                                </span>
                                <div
                                  class="pdk-autosuggest__suggestions-container"
                                  id="pdk-autosuggest__suggestions-container-GENERATED_ID"
                                >
                                </div>
                              </div>
                            </div>
                          </pdk-interaction-container>
                        </pdk-autosuggest>
                      </pdk-autosuggest-lite>
                    </pdk-form-group>
                  </pdk-form-field>
                </pdk-grid>
              </pdk-grid>
            </pdk-form-group>
            <hr
              class="pdk-divider"
            />
          </judiciary-form>
          <judiciary-form
            data-role="judiciary-form-pm"
            data-test-id="afternoonSession"
          >
            <pdk-form-group
              class="pdk-form-group"
            >
              <pdk-grid
                class="govuk-grid-column-full"
                full=""
              >
                <pdk-grid
                  class="govuk-grid-column-full"
                  full=""
                >
                  <h3>
                    PM
                  </h3>
                </pdk-grid>
                <pdk-grid
                  class="flex-column-one govuk-grid-column-one-quarter"
                  one-quarter=""
                >
                  <pdk-form-field
                    labeltype="small"
                  >
                    <pdk-form-group
                      class="pdk-form-group"
                    >
                      <label
                        class="govuk-label govuk-label--s"
                        for="pdk-form-control-undefined-GENERATED_ID"
                      >
                         SESSION_TIMES.JUDICIARY 
                      </label>
                      <judiciary-typeahead
                        class="ng-untouched ng-pristine ng-valid"
                        data-role="judiciary-typeahead-0"
                        name="judge1"
                      >
                        <div
                          class="judiciary-typeahead"
                        >
                          <pdk-autosuggest-lite
                            suggestionkey="id"
                            suggestionsubtitle="judicialMemberLocation"
                          >
                            <pdk-autosuggest
                              highlightcolor="blue"
                            >
                              <pdk-interaction-container>
                                <div>
                                  <div
                                    class="pdk-autosuggest"
                                  >
                                    <input
                                      aria-autocomplete="list"
                                      aria-controls="pdk-autosuggest__suggestions-container-GENERATED_ID-listbox"
                                      aria-describedby="pdk-autosuggest__instructions-GENERATED_ID judge-label"
                                      aria-expanded="false"
                                      aria-label="Judge name"
                                      autocomplete="off"
                                      class="pdk-autosuggest__input ng-untouched ng-pristine ng-valid govuk-input"
                                      role="combobox"
                                      type="text"
                                    />
                                    <span
                                      class="govuk-visually-hidden"
                                      id="pdk-autosuggest__instructions-GENERATED_ID"
                                      pdk-visually-hidden=""
                                    >
                                       When autocomplete results are available, use the up and down arrows to review and Enter to select. Touch device users, explore options with swipe gestures. 
                                    </span>
                                    <span
                                      aria-live="polite"
                                      class="govuk-visually-hidden"
                                      pdk-visually-hidden=""
                                      role="status"
                                    >
                                    </span>
                                    <div
                                      class="pdk-autosuggest__suggestions-container"
                                      id="pdk-autosuggest__suggestions-container-GENERATED_ID"
                                    >
                                    </div>
                                  </div>
                                </div>
                              </pdk-interaction-container>
                            </pdk-autosuggest>
                          </pdk-autosuggest-lite>
                        </div>
                      </judiciary-typeahead>
                    </pdk-form-group>
                  </pdk-form-field>
                  <pdk-form-field
                    label="Judiciary 2"
                    labeltype="none"
                  >
                    <pdk-form-group
                      class="pdk-form-group"
                    >
                      <label
                        class="govuk-visually-hidden govuk-label"
                        for="pdk-form-control-undefined-GENERATED_ID"
                      >
                         Judiciary 2 
                      </label>
                      <judiciary-typeahead
                        class="ng-untouched ng-pristine ng-valid"
                        data-role="judiciary-typeahead-1"
                        name="judge2"
                      >
                        <div
                          class="judiciary-typeahead"
                        >
                          <pdk-autosuggest-lite
                            suggestionkey="id"
                            suggestionsubtitle="judicialMemberLocation"
                          >
                            <pdk-autosuggest
                              highlightcolor="blue"
                            >
                              <pdk-interaction-container>
                                <div>
                                  <div
                                    class="pdk-autosuggest"
                                  >
                                    <input
                                      aria-autocomplete="list"
                                      aria-controls="pdk-autosuggest__suggestions-container-GENERATED_ID-listbox"
                                      aria-describedby="pdk-autosuggest__instructions-GENERATED_ID judge-label"
                                      aria-expanded="false"
                                      aria-label="Judge name"
                                      autocomplete="off"
                                      class="pdk-autosuggest__input ng-untouched ng-pristine ng-valid govuk-input"
                                      role="combobox"
                                      type="text"
                                    />
                                    <span
                                      class="govuk-visually-hidden"
                                      id="pdk-autosuggest__instructions-GENERATED_ID"
                                      pdk-visually-hidden=""
                                    >
                                       When autocomplete results are available, use the up and down arrows to review and Enter to select. Touch device users, explore options with swipe gestures. 
                                    </span>
                                    <span
                                      aria-live="polite"
                                      class="govuk-visually-hidden"
                                      pdk-visually-hidden=""
                                      role="status"
                                    >
                                    </span>
                                    <div
                                      class="pdk-autosuggest__suggestions-container"
                                      id="pdk-autosuggest__suggestions-container-GENERATED_ID"
                                    >
                                    </div>
                                  </div>
                                </div>
                              </pdk-interaction-container>
                            </pdk-autosuggest>
                          </pdk-autosuggest-lite>
                        </div>
                      </judiciary-typeahead>
                    </pdk-form-group>
                  </pdk-form-field>
                  <pdk-form-field
                    label="Judiciary 3"
                    labeltype="none"
                  >
                    <pdk-form-group
                      class="pdk-form-group"
                    >
                      <label
                        class="govuk-visually-hidden govuk-label"
                        for="pdk-form-control-undefined-GENERATED_ID"
                      >
                         Judiciary 3 
                      </label>
                      <judiciary-typeahead
                        class="ng-untouched ng-pristine ng-valid"
                        data-role="judiciary-typeahead-2"
                        name="judge3"
                      >
                        <div
                          class="judiciary-typeahead"
                        >
                          <pdk-autosuggest-lite
                            suggestionkey="id"
                            suggestionsubtitle="judicialMemberLocation"
                          >
                            <pdk-autosuggest
                              highlightcolor="blue"
                            >
                              <pdk-interaction-container>
                                <div>
                                  <div
                                    class="pdk-autosuggest"
                                  >
                                    <input
                                      aria-autocomplete="list"
                                      aria-controls="pdk-autosuggest__suggestions-container-GENERATED_ID-listbox"
                                      aria-describedby="pdk-autosuggest__instructions-GENERATED_ID judge-label"
                                      aria-expanded="false"
                                      aria-label="Judge name"
                                      autocomplete="off"
                                      class="pdk-autosuggest__input ng-untouched ng-pristine ng-valid govuk-input"
                                      role="combobox"
                                      type="text"
                                    />
                                    <span
                                      class="govuk-visually-hidden"
                                      id="pdk-autosuggest__instructions-GENERATED_ID"
                                      pdk-visually-hidden=""
                                    >
                                       When autocomplete results are available, use the up and down arrows to review and Enter to select. Touch device users, explore options with swipe gestures. 
                                    </span>
                                    <span
                                      aria-live="polite"
                                      class="govuk-visually-hidden"
                                      pdk-visually-hidden=""
                                      role="status"
                                    >
                                    </span>
                                    <div
                                      class="pdk-autosuggest__suggestions-container"
                                      id="pdk-autosuggest__suggestions-container-GENERATED_ID"
                                    >
                                    </div>
                                  </div>
                                </div>
                              </pdk-interaction-container>
                            </pdk-autosuggest>
                          </pdk-autosuggest-lite>
                        </div>
                      </judiciary-typeahead>
                    </pdk-form-group>
                  </pdk-form-field>
                  <pdk-form-group
                    class="pdk-form-group"
                    ngmodelgroup="otherJudiciaries"
                  >
                    <p
                      class="mt-m"
                    >
                      <a
                        data-role="add-new-judiciary-link"
                        href="javascript:void(0)"
                      >
                        <span>
                          SESSION_TIMES.ADD_ANOTHER_LINK
                        </span>
                        <span
                          class="govuk-visually-hidden"
                          pdk-visually-hidden=""
                        >
                           PM 
                        </span>
                        <span
                          class="govuk-visually-hidden"
                          pdk-visually-hidden=""
                        >
                          SESSION_TIMES.JUDICIARY_PERSON
                        </span>
                      </a>
                    </p>
                  </pdk-form-group>
                </pdk-grid>
                <pdk-grid
                  class="flex-column-two govuk-grid-column-one-quarter"
                  one-quarter=""
                >
                  <pdk-form-field
                    labeltype="small"
                  >
                    <pdk-form-group
                      class="pdk-form-group"
                    >
                      <fieldset
                        class="govuk-fieldset"
                        pdk-fieldset=""
                      >
                        <legend
                          class="govuk-fieldset__legend govuk-fieldset__legend--s"
                        >
                           SESSION_TIMES.CHAIRPERSON 
                        </legend>
                        <pdk-radio-group
                          class="chairman-radio-group ng-untouched ng-pristine ng-valid"
                          data-role="chairman-radio-group"
                          name="chairman"
                        >
                          <div
                            class="govuk-radios"
                          >
                            <pdk-radio-button
                              class="chairman-radio-button"
                              data-role="chairman-radio-btn-0"
                            >
                              <div
                                class="govuk-radios__item"
                              >
                                <input
                                  class="govuk-radios__input"
                                  disabled=""
                                  id="pdk-radio-GENERATED_ID"
                                  name="pdk-radio-group-GENERATED_ID"
                                  type="radio"
                                  value="0"
                                />
                                <label
                                  class="govuk-radios__label govuk-label"
                                  for="pdk-radio-GENERATED_ID"
                                  pdk-label=""
                                >
                                  <span
                                    class="govuk-visually-hidden"
                                    pdk-visually-hidden=""
                                  >
                                    Judiciary 1
                                  </span>
                                </label>
                              </div>
                            </pdk-radio-button>
                            <pdk-radio-button
                              class="chairman-radio-button"
                              data-role="chairman-radio-btn-1"
                            >
                              <div
                                class="govuk-radios__item"
                              >
                                <input
                                  class="govuk-radios__input"
                                  disabled=""
                                  id="pdk-radio-GENERATED_ID"
                                  name="pdk-radio-group-GENERATED_ID"
                                  type="radio"
                                  value="1"
                                />
                                <label
                                  class="govuk-radios__label govuk-label"
                                  for="pdk-radio-GENERATED_ID"
                                  pdk-label=""
                                >
                                  <span
                                    class="govuk-visually-hidden"
                                    pdk-visually-hidden=""
                                  >
                                    Judiciary 2
                                  </span>
                                </label>
                              </div>
                            </pdk-radio-button>
                            <pdk-radio-button
                              class="chairman-radio-button"
                              data-role="chairman-radio-btn-2"
                            >
                              <div
                                class="govuk-radios__item"
                              >
                                <input
                                  class="govuk-radios__input"
                                  disabled=""
                                  id="pdk-radio-GENERATED_ID"
                                  name="pdk-radio-group-GENERATED_ID"
                                  type="radio"
                                  value="2"
                                />
                                <label
                                  class="govuk-radios__label govuk-label"
                                  for="pdk-radio-GENERATED_ID"
                                  pdk-label=""
                                >
                                  <span
                                    class="govuk-visually-hidden"
                                    pdk-visually-hidden=""
                                  >
                                    Judiciary 3
                                  </span>
                                </label>
                              </div>
                            </pdk-radio-button>
                          </div>
                        </pdk-radio-group>
                      </fieldset>
                    </pdk-form-group>
                  </pdk-form-field>
                </pdk-grid>
                <pdk-grid
                  class="flex-column-three govuk-grid-column-one-quarter"
                  one-quarter=""
                >
                  <div
                    class="start-end-time"
                  >
                    <pdk-form-field
                      labeltype="small"
                    >
                      <pdk-form-group
                        class="pdk-form-group"
                      >
                        <fieldset
                          class="govuk-fieldset"
                          pdk-fieldset=""
                        >
                          <legend
                            class="govuk-fieldset__legend govuk-fieldset__legend--s"
                          >
                             SESSION_TIMES.START_TIME 
                          </legend>
                          <pdk-hint
                            class="govuk-hint"
                          >
                            <div>
                               SESSION_TIMES.START_TIME_HINT 
                            </div>
                          </pdk-hint>
                          <pdk-time-input
                            auto-shift="true"
                            class="ng-untouched ng-pristine ng-valid"
                            labelhidden="false"
                            name="startTime"
                          >
                            <div
                              class="pdk-time-input ng-untouched ng-pristine ng-valid"
                            >
                              <div
                                class="pdk-time-input__item pdk-time-input__item--hour"
                              >
                                <label
                                  class="govuk-label"
                                  for="pdk-time-input-GENERATED_ID-hours"
                                  pdk-label=""
                                >
                                   Hours 
                                </label>
                                <input
                                  autocomplete="off"
                                  class="ng-untouched ng-pristine ng-valid govuk-input govuk-input--width-2"
                                  formcontrolname="hours"
                                  id="pdk-time-input-GENERATED_ID-hours"
                                  maxlength="2"
                                  name="timeHours"
                                  pattern="[0-9]*"
                                  type="text"
                                />
                              </div>
                              <div
                                class="pdk-time-input__item"
                              >
                                <label
                                  class="govuk-label"
                                  for="pdk-time-input-GENERATED_ID-minutes"
                                  pdk-label=""
                                >
                                   Minutes 
                                </label>
                                <input
                                  autocomplete="off"
                                  class="ng-untouched ng-pristine ng-valid govuk-input govuk-input--width-2"
                                  formcontrolname="minutes"
                                  id="pdk-time-input-GENERATED_ID-minutes"
                                  maxlength="2"
                                  minlength="2"
                                  name="timeMinutes"
                                  pattern="[0-9]*"
                                  type="text"
                                />
                              </div>
                            </div>
                          </pdk-time-input>
                        </fieldset>
                      </pdk-form-group>
                    </pdk-form-field>
                  </div>
                </pdk-grid>
                <pdk-grid
                  class="flex-column-four govuk-grid-column-one-quarter"
                  one-quarter=""
                >
                  <pdk-form-field
                    labeltype="small"
                  >
                    <pdk-form-group
                      class="pdk-form-group"
                    >
                      <fieldset
                        class="govuk-fieldset"
                        pdk-fieldset=""
                      >
                        <legend
                          class="govuk-fieldset__legend govuk-fieldset__legend--s"
                        >
                           SESSION_TIMES.END_TIME 
                        </legend>
                        <pdk-hint
                          class="govuk-hint"
                        >
                          <div>
                             SESSION_TIMES.END_TIME_HINT 
                          </div>
                        </pdk-hint>
                        <pdk-time-input
                          auto-shift="true"
                          class="ng-untouched ng-pristine ng-valid"
                          labelhidden="false"
                          name="endTime"
                        >
                          <div
                            class="pdk-time-input ng-untouched ng-pristine ng-valid"
                          >
                            <div
                              class="pdk-time-input__item pdk-time-input__item--hour"
                            >
                              <label
                                class="govuk-label"
                                for="pdk-time-input-GENERATED_ID-hours"
                                pdk-label=""
                              >
                                 Hours 
                              </label>
                              <input
                                autocomplete="off"
                                class="ng-untouched ng-pristine ng-valid govuk-input govuk-input--width-2"
                                formcontrolname="hours"
                                id="pdk-time-input-GENERATED_ID-hours"
                                maxlength="2"
                                name="timeHours"
                                pattern="[0-9]*"
                                type="text"
                              />
                            </div>
                            <div
                              class="pdk-time-input__item"
                            >
                              <label
                                class="govuk-label"
                                for="pdk-time-input-GENERATED_ID-minutes"
                                pdk-label=""
                              >
                                 Minutes 
                              </label>
                              <input
                                autocomplete="off"
                                class="ng-untouched ng-pristine ng-valid govuk-input govuk-input--width-2"
                                formcontrolname="minutes"
                                id="pdk-time-input-GENERATED_ID-minutes"
                                maxlength="2"
                                minlength="2"
                                name="timeMinutes"
                                pattern="[0-9]*"
                                type="text"
                              />
                            </div>
                          </div>
                        </pdk-time-input>
                      </fieldset>
                    </pdk-form-group>
                  </pdk-form-field>
                </pdk-grid>
              </pdk-grid>
              <pdk-grid
                class="govuk-grid-column-full"
                full=""
              >
                <pdk-grid
                  class="govuk-grid-column-one-quarter"
                  one-quarter=""
                >
                  <pdk-form-field
                    labeltype="small"
                  >
                    <pdk-form-group
                      class="pdk-form-group"
                    >
                      <label
                        class="govuk-label govuk-label--s"
                        for="pdk-form-control-undefined-GENERATED_ID"
                      >
                         SESSION_TIMES.COURT_CLERK 
                      </label>
                      <pdk-autosuggest-lite
                        class="ng-untouched ng-pristine ng-valid"
                        data-role="record-court-clerk"
                        name="courtClerk"
                        suggestionkey="id"
                        suggestiontitle="label"
                      >
                        <pdk-autosuggest
                          highlightcolor="blue"
                        >
                          <pdk-interaction-container>
                            <div>
                              <div
                                class="pdk-autosuggest"
                              >
                                <input
                                  aria-autocomplete="list"
                                  aria-controls="pdk-autosuggest__suggestions-container-GENERATED_ID-listbox"
                                  aria-describedby="pdk-autosuggest__instructions-GENERATED_ID"
                                  aria-expanded="false"
                                  autocomplete="off"
                                  class="pdk-autosuggest__input ng-untouched ng-pristine ng-valid govuk-input"
                                  id="pdk-form-control-undefined-GENERATED_ID"
                                  role="combobox"
                                  type="text"
                                />
                                <span
                                  class="govuk-visually-hidden"
                                  id="pdk-autosuggest__instructions-GENERATED_ID"
                                  pdk-visually-hidden=""
                                >
                                   When autocomplete results are available, use the up and down arrows to review and Enter to select. Touch device users, explore options with swipe gestures. 
                                </span>
                                <span
                                  aria-live="polite"
                                  class="govuk-visually-hidden"
                                  pdk-visually-hidden=""
                                  role="status"
                                >
                                </span>
                                <div
                                  class="pdk-autosuggest__suggestions-container"
                                  id="pdk-autosuggest__suggestions-container-GENERATED_ID"
                                >
                                </div>
                              </div>
                            </div>
                          </pdk-interaction-container>
                        </pdk-autosuggest>
                      </pdk-autosuggest-lite>
                    </pdk-form-group>
                  </pdk-form-field>
                  <pdk-form-field
                    labeltype="small"
                  >
                    <pdk-form-group
                      class="pdk-form-group"
                    >
                      <label
                        class="govuk-label govuk-label--s"
                        for="pdk-form-control-undefined-GENERATED_ID"
                      >
                         SESSION_TIMES.COURT_ASSOCIATE 
                      </label>
                      <pdk-autosuggest-lite
                        class="ng-untouched ng-pristine ng-valid"
                        data-role="record-court-associate"
                        name="courtAssociate"
                        suggestionkey="id"
                        suggestiontitle="label"
                      >
                        <pdk-autosuggest
                          highlightcolor="blue"
                        >
                          <pdk-interaction-container>
                            <div>
                              <div
                                class="pdk-autosuggest"
                              >
                                <input
                                  aria-autocomplete="list"
                                  aria-controls="pdk-autosuggest__suggestions-container-GENERATED_ID-listbox"
                                  aria-describedby="pdk-autosuggest__instructions-GENERATED_ID"
                                  aria-expanded="false"
                                  autocomplete="off"
                                  class="pdk-autosuggest__input ng-untouched ng-pristine ng-valid govuk-input"
                                  id="pdk-form-control-undefined-GENERATED_ID"
                                  role="combobox"
                                  type="text"
                                />
                                <span
                                  class="govuk-visually-hidden"
                                  id="pdk-autosuggest__instructions-GENERATED_ID"
                                  pdk-visually-hidden=""
                                >
                                   When autocomplete results are available, use the up and down arrows to review and Enter to select. Touch device users, explore options with swipe gestures. 
                                </span>
                                <span
                                  aria-live="polite"
                                  class="govuk-visually-hidden"
                                  pdk-visually-hidden=""
                                  role="status"
                                >
                                </span>
                                <div
                                  class="pdk-autosuggest__suggestions-container"
                                  id="pdk-autosuggest__suggestions-container-GENERATED_ID"
                                >
                                </div>
                              </div>
                            </div>
                          </pdk-interaction-container>
                        </pdk-autosuggest>
                      </pdk-autosuggest-lite>
                    </pdk-form-group>
                  </pdk-form-field>
                  <pdk-form-field
                    labeltype="small"
                  >
                    <pdk-form-group
                      class="pdk-form-group"
                    >
                      <label
                        class="govuk-label govuk-label--s"
                        for="pdk-form-control-undefined-GENERATED_ID"
                      >
                         SESSION_TIMES.LEGAL_ADVISOR 
                      </label>
                      <pdk-autosuggest-lite
                        class="ng-untouched ng-pristine ng-valid"
                        data-role="record-legal-advisor"
                        name="legalAdviser"
                        suggestionkey="id"
                        suggestiontitle="label"
                      >
                        <pdk-autosuggest
                          highlightcolor="blue"
                        >
                          <pdk-interaction-container>
                            <div>
                              <div
                                class="pdk-autosuggest"
                              >
                                <input
                                  aria-autocomplete="list"
                                  aria-controls="pdk-autosuggest__suggestions-container-GENERATED_ID-listbox"
                                  aria-describedby="pdk-autosuggest__instructions-GENERATED_ID"
                                  aria-expanded="false"
                                  autocomplete="off"
                                  class="pdk-autosuggest__input ng-untouched ng-pristine ng-valid govuk-input"
                                  id="pdk-form-control-undefined-GENERATED_ID"
                                  role="combobox"
                                  type="text"
                                />
                                <span
                                  class="govuk-visually-hidden"
                                  id="pdk-autosuggest__instructions-GENERATED_ID"
                                  pdk-visually-hidden=""
                                >
                                   When autocomplete results are available, use the up and down arrows to review and Enter to select. Touch device users, explore options with swipe gestures. 
                                </span>
                                <span
                                  aria-live="polite"
                                  class="govuk-visually-hidden"
                                  pdk-visually-hidden=""
                                  role="status"
                                >
                                </span>
                                <div
                                  class="pdk-autosuggest__suggestions-container"
                                  id="pdk-autosuggest__suggestions-container-GENERATED_ID"
                                >
                                </div>
                              </div>
                            </div>
                          </pdk-interaction-container>
                        </pdk-autosuggest>
                      </pdk-autosuggest-lite>
                    </pdk-form-group>
                  </pdk-form-field>
                </pdk-grid>
              </pdk-grid>
            </pdk-form-group>
            <hr
              class="pdk-divider"
            />
          </judiciary-form>
          <pdk-grid
            class="govuk-grid-column-full"
            full=""
          >
            <pdk-grid
              class="govuk-grid-column-one-quarter"
              one-quarter=""
            >
              <button
                class="govuk-!-margin-top-6 govuk-button"
                data-role="save-sittings-btn"
                disabled="disabled"
                pdk-button=""
                pdk-margin-top="6"
                type="submit"
              >
                 SESSION_TIMES.SAVE_SITTINGS 
              </button>
            </pdk-grid>
          </pdk-grid>
        </pdk-grid>
      </form>
    </session-times-judiciary-form>
  </session-times>
</test-host-component>
`;
