// Jest Snapshot v1, https://goo.gl/fbAQLP

exports[`ApplicationRowComponent should create 1`] = `
<test-host-component>
  <tr
    application-row=""
  >
    <td
      class="bold"
      pdk-table-cell=""
    >
    </td>
    <td
      class="bold"
      data-role="time"
      pdk-table-cell=""
    >
    </td>
    <td
      nowrap=""
      pdk-table-cell=""
    >
    </td>
    <td
      pdk-table-cell=""
    >
    </td>
    <td
      pdk-table-cell=""
    >
      <span
        class="application-details-width"
      >
        <application-details>
          <span
            class="bold"
          >
          </span>
          <div
            class="bold govuk-!-margin-top-4 govuk-!-margin-bottom-4 pdk-!-text-color-dark-grey"
            pdk-margin-bottom="4"
            pdk-margin-top="4"
            pdk-text-colour="dark-grey"
          >
          </div>
        </application-details>
      </span>
    </td>
    <td
      class="govuk-!-padding-left-9"
      pdk-padding-left="9"
      pdk-table-cell=""
    >
    </td>
    <td
      class="next-position govuk-!-padding-top-6"
      colspan="2"
      pdk-padding-top="6"
      pdk-table-cell=""
    >
    </td>
  </tr>
</test-host-component>
`;
